// Jest Snapshot v1, https://goo.gl/fbAQLP

exports[`should render header 1`] = `
<header>
  PROJECT BIRDNEST: MONITORING SYSTEM
</header>
`;
