// Jest Snapshot v1, https://goo.gl/fbAQLP

exports[`should render footer 1`] = `
<footer
  class="footer"
>
  Project Birdnest. Created at Nestjs. 2022
</footer>
`;
